cargo :    Compiling sorosusu-contracts v0.1.0 (C:\Users\dell\sorosusu-contracts)
At line:1 char:1
+ cargo test > test_output.txt 2>&1
+ ~~~~~~~~~~~~~~~~~~~~~~~~~~~~~~~~~
    + CategoryInfo          : NotSpecified: (   Compiling so...susu-contracts):String) [], RemoteException
    + FullyQualifiedErrorId : NativeCommandError
 
error[E0432]: unresolved imports `soroban_sdk::testutils::Arbitrary`, `soroban_sdk::arbitrary`
 --> src\lib.rs:2:127
  |
2 | ...Address as TestAddress, Arbitrary as TestArbitrary}, arbitrary::{Arbitrary, Unstructured}};
  |                            ---------^^^^^^^^^^^^^^^^^   ^^^^^^^^^ could not find `arbitrary` in `soroban_sdk`
  |                            |
  |                            no `Arbitrary` in `testutils`
  |                            help: a similar name exists in the module: `arbitrary`
  |
  = help: consider importing one of these traits instead:
          arbitrary::Arbitrary
          proptest::prelude::Arbitrary
          soroban_sdk::testutils::arbitrary::Arbitrary

error[E0432]: unresolved imports `soroban_sdk::testutils::Arbitrary`, `soroban_sdk::arbitrary`
   --> src\lib.rs:325:59
    |
325 |     use soroban_sdk::{testutils::{Address as TestAddress, Arbitrary as TestArbitrary}, arbitrary::{Arbitrary, 
Unstructured}};
    |                                                           ---------^^^^^^^^^^^^^^^^^   ^^^^^^^^^ could not find 
`arbitrary` in `soroban_sdk`
    |                                                           |
    |                                                           no `Arbitrary` in `testutils`
    |                                                           help: a similar name exists in the module: `arbitrary`
    |
    = help: consider importing one of these items instead:
            crate::Arbitrary
            arbitrary::Arbitrary
            proptest::prelude::Arbitrary
            soroban_sdk::testutils::arbitrary::Arbitrary

error[E0432]: unresolved import `std`
   --> src\lib.rs:326:9
    |
326 |     use std::i128;
    |         ^^^ use of unresolved module or unlinked crate `std`
    |
    = help: if you wanted to use a crate named `std`, use `cargo add std` to add it to your `Cargo.toml`

error: cannot find macro `println` in this scope
   --> src\lib.rs:652:9
    |
652 |         println!("G┬ú├┤ On-time deposit test passed - no penalty applied");
    |         ^^^^^^^

error: cannot find macro `println` in this scope
   --> src\lib.rs:605:9
    |
605 |         println!("G┬ú├┤ Late penalty mechanism test passed - 1% penalty correctly routed to Group Reserve");
    |         ^^^^^^^

error: cannot find macro `println` in this scope
   --> src\lib.rs:549:9
    |
549 |         println!("G┬ú├┤ Concurrent deposits test passed");
    |         ^^^^^^^

error: cannot find macro `println` in this scope
   --> src\lib.rs:505:13
    |
505 |             println!("G┬ú├┤ Boundary test passed: {} (max_members: {})", description, max_members);
    |             ^^^^^^^

error: cannot find macro `vec` in this scope
   --> src\lib.rs:473:30
    |
473 |         let boundary_tests = vec![
    |                              ^^^
    |
help: consider importing this macro
    |
324 +     use soroban_sdk::vec;
    |

error: cannot find macro `println` in this scope
   --> src\lib.rs:456:21
    |
456 |                     println!("G┬ú├┤ Amount {} failed with expected error: {}", amount, error_msg);
    |                     ^^^^^^^

error: cannot find macro `println` in this scope
   --> src\lib.rs:448:21
    |
448 |                     println!("G┬ú├┤ Amount {} succeeded", amount);
    |                     ^^^^^^^

error: cannot find macro `vec` in this scope
   --> src\lib.rs:414:28
    |
414 |         let test_amounts = vec![
    |                            ^^^
    |
help: consider importing this macro
    |
324 +     use soroban_sdk::vec;
    |

error[E0433]: failed to resolve: use of unresolved module or unlinked crate `std`
   --> src\lib.rs:362:22
    |
362 |         let result = std::panic::catch_unwind(|| {
    |                      ^^^ use of unresolved module or unlinked crate `std`
    |
    = help: if you wanted to use a crate named `std`, use `cargo add std` to add it to your `Cargo.toml`

error[E0433]: failed to resolve: use of unresolved module or unlinked crate `std`
   --> src\lib.rs:396:22
    |
396 |         let result = std::panic::catch_unwind(|| {
    |                      ^^^ use of unresolved module or unlinked crate `std`
    |
    = help: if you wanted to use a crate named `std`, use `cargo add std` to add it to your `Cargo.toml`

error[E0433]: failed to resolve: use of unresolved module or unlinked crate `std`
   --> src\lib.rs:440:26
    |
440 |             let result = std::panic::catch_unwind(|| {
    |                          ^^^ use of unresolved module or unlinked crate `std`
    |
    = help: if you wanted to use a crate named `std`, use `cargo add std` to add it to your `Cargo.toml`

error[E0433]: failed to resolve: use of unresolved module or unlinked crate `std`
   --> src\lib.rs:498:30
    |
498 |                 let result = std::panic::catch_unwind(|| {
    |                              ^^^ use of unresolved module or unlinked crate `std`
    |
    = help: if you wanted to use a crate named `std`, use `cargo add std` to add it to your `Cargo.toml`

error[E0433]: failed to resolve: use of unresolved module or unlinked crate `std`
   --> src\lib.rs:542:26
    |
542 |             let result = std::panic::catch_unwind(|| {
    |                          ^^^ use of unresolved module or unlinked crate `std`
    |
    = help: if you wanted to use a crate named `std`, use `cargo add std` to add it to your `Cargo.toml`

error[E0433]: failed to resolve: use of unresolved module or unlinked crate `std`
   --> src\lib.rs:589:22
    |
589 |         let result = std::panic::catch_unwind(|| {
    |                      ^^^ use of unresolved module or unlinked crate `std`
    |
    = help: if you wanted to use a crate named `std`, use `cargo add std` to add it to your `Cargo.toml`

error[E0433]: failed to resolve: use of unresolved module or unlinked crate `std`
   --> src\lib.rs:642:22
    |
642 |         let result = std::panic::catch_unwind(|| {
    |                      ^^^ use of unresolved module or unlinked crate `std`
    |
    = help: if you wanted to use a crate named `std`, use `cargo add std` to add it to your `Cargo.toml`

error[E0425]: cannot find type `String` in this scope
   --> src\lib.rs:367:66
    |
367 |         assert!(result.is_ok() || result.unwrap_err().downcast::<String>().unwrap().contains("insufficient 
balance"));
    |                                                                  ^^^^^^ not found in this scope
    |
help: consider importing this struct
    |
324 +     use soroban_sdk::String;
    |

error[E0425]: cannot find type `String` in this scope
   --> src\lib.rs:451:50
    |
451 |                     let error_msg = e.downcast::<String>().unwrap();
    |                                                  ^^^^^^ not found in this scope
    |
help: consider importing this struct
    |
324 +     use soroban_sdk::String;
    |

warning: unused imports: `Address as TestAddress` and `Symbol`
 --> src\lib.rs:2:76
  |
2 | use soroban_sdk::{contract, contracttype, contractimpl, Address, Env, Vec, Symbol, token, testutils::{Address as 
TestAddress, Arbitra...
  |                                                                            ^^^^^^                     
^^^^^^^^^^^^^^^^^^^^^^
  |
  = note: `#[warn(unused_imports)]` (part of `#[warn(unused)]`) on by default

error[E0277]: the trait bound `u16: SorobanArbitrary` is not satisfied
  --> src\lib.rs:30:1
   |
30 | #[contracttype]
   | ^^^^^^^^^^^^^^^ the trait `SorobanArbitrary` is not implemented for `u16`
   |
   = help: the following other types implement trait `SorobanArbitrary`:
             i128
             i32
             i64
             u128
             u32
             u64
   = note: this error originates in the attribute macro `contracttype` (in Nightly builds, run with -Z macro-backtrace 
for more info)

error[E0277]: the trait bound `u16: TryFromVal<soroban_sdk::Env, soroban_sdk::Val>` is not satisfied
  --> src\lib.rs:30:1
   |
30 | #[contracttype]
   | ^^^^^^^^^^^^^^^ the trait `TryFromVal<soroban_sdk::Env, soroban_sdk::Val>` is not implemented for `u16`
   |
   = help: the following other types implement trait `TryFromVal<E, V>`:
             `i128` implements `TryFromVal<E, soroban_sdk::Val>`
             `i128` implements `TryFromVal<soroban_sdk::Env, i128>`
             `i32` implements `TryFromVal<E, soroban_sdk::Val>`
             `i32` implements `TryFromVal<soroban_sdk::Env, i32>`
             `i64` implements `TryFromVal<E, soroban_sdk::Val>`
             `i64` implements `TryFromVal<soroban_sdk::Env, i64>`
             `u128` implements `TryFromVal<E, soroban_sdk::Val>`
             `u128` implements `TryFromVal<soroban_sdk::Env, u128>`
           and 7 others
   = note: required for `soroban_sdk::Val` to implement `TryIntoVal<soroban_sdk::Env, u16>`
   = note: this error originates in the attribute macro `contracttype` (in Nightly builds, run with -Z macro-backtrace 
for more info)

error[E0277]: the trait bound `soroban_sdk::Val: TryFromVal<soroban_sdk::Env, u16>` is not satisfied
  --> src\lib.rs:30:1
   |
30 | #[contracttype]
   | ^^^^^^^^^^^^^^^ the trait `TryFromVal<soroban_sdk::Env, u16>` is not implemented for `soroban_sdk::Val`
   |
   = help: the following other types implement trait `TryFromVal<E, V>`:
             `soroban_sdk::Val` implements `TryFromVal<E, &[u8]>`
             `soroban_sdk::Val` implements `TryFromVal<E, &str>`
             `soroban_sdk::Val` implements `TryFromVal<E, ()>`
             `soroban_sdk::Val` implements `TryFromVal<E, (T0, T1)>`
             `soroban_sdk::Val` implements `TryFromVal<E, (T0, T1, T2)>`
             `soroban_sdk::Val` implements `TryFromVal<E, (T0, T1, T2, T3)>`
             `soroban_sdk::Val` implements `TryFromVal<E, (T0, T1, T2, T3, T4)>`
             `soroban_sdk::Val` implements `TryFromVal<E, (T0, T1, T2, T3, T4, T5)>`
           and 112 others
   = note: required for `u16` to implement `TryIntoVal<soroban_sdk::Env, soroban_sdk::Val>`
   = note: the full name for the type has been written to 'C:\Users\dell\sorosusu-contracts\target\debug\deps\sorosusu_
contracts-2a06bc7395ea6068.long-type-12449681119736740548.txt'
   = note: consider using `--verbose` to print the full type name to the console
   = note: this error originates in the attribute macro `contracttype` (in Nightly builds, run with -Z macro-backtrace 
for more info)

error[E0277]: the trait bound `soroban_sdk::xdr::ScVal: TryFrom<&u16>` is not satisfied
  --> src\lib.rs:30:1
   |
30 | #[contracttype]
   | ^^^^^^^^^^^^^^^ the trait `From<&u16>` is not implemented for `soroban_sdk::xdr::ScVal`
   |
   = help: the following other types implement trait `From<T>`:
             `&soroban_sdk::xdr::ScVal` implements `From<soroban_env_common::object::ScValObjRef<'_>>`
             `soroban_sdk::xdr::ScVal` implements `From<&()>`
             `soroban_sdk::xdr::ScVal` implements `From<&bool>`
             `soroban_sdk::xdr::ScVal` implements `From<&core::option::Option<T>>`
             `soroban_sdk::xdr::ScVal` implements `From<&i128>`
             `soroban_sdk::xdr::ScVal` implements `From<&i32>`
             `soroban_sdk::xdr::ScVal` implements `From<&i64>`
             `soroban_sdk::xdr::ScVal` implements `From<&soroban_sdk::Address>`
           and 36 others
   = note: required for `&u16` to implement `Into<soroban_sdk::xdr::ScVal>`
   = note: required for `soroban_sdk::xdr::ScVal` to implement `TryFrom<&u16>`
   = note: required for `&u16` to implement `TryInto<soroban_sdk::xdr::ScVal>`
   = note: this error originates in the attribute macro `contracttype` (in Nightly builds, run with -Z macro-backtrace 
for more info)

error[E0277]: the trait bound `u16: SorobanArbitrary` is not satisfied
  --> src\lib.rs:30:1
   |
30 | #[contracttype]
   | ^^^^^^^^^^^^^^^ the trait `SorobanArbitrary` is not implemented for `u16`
   |
   = help: the following other types implement trait `SorobanArbitrary`:
             i128
             i32
             i64
             u128
             u32
             u64

error[E0277]: the trait bound `u16: TryFromVal<soroban_sdk::Env, _>` is not satisfied
   --> src\lib.rs:36:22
    |
 36 |     pub max_members: u16, // Optimized from u32 to u16
    |                      ^^^ the trait `TryFromVal<soroban_sdk::Env, _>` is not implemented for `u16`
    |
    = help: the following other types implement trait `TryFromVal<E, V>`:
              `i128` implements `TryFromVal<E, soroban_sdk::Val>`
              `i128` implements `TryFromVal<soroban_sdk::Env, i128>`
              `i32` implements `TryFromVal<E, soroban_sdk::Val>`
              `i32` implements `TryFromVal<soroban_sdk::Env, i32>`
              `i64` implements `TryFromVal<E, soroban_sdk::Val>`
              `i64` implements `TryFromVal<soroban_sdk::Env, i64>`
              `u128` implements `TryFromVal<E, soroban_sdk::Val>`
              `u128` implements `TryFromVal<soroban_sdk::Env, u128>`
            and 7 others
note: required by a bound in `soroban_sdk::testutils::arbitrary::SorobanArbitrary::Prototype`
   --> 
C:\Users\dell\.cargo\registry\src\index.crates.io-1949cf8c6b5b557f\soroban-sdk-21.7.7\src\testutils\arbitrary.rs:222:9
    |
222 |         TryFromVal<Env, Self::Prototype> + IntoVal<Env, Val> + TryFromVal<Env, Val>
    |         ^^^^^^^^^^^^^^^^^^^^^^^^^^^^^^^^ required by this bound in `SorobanArbitrary::Prototype`
...
228 |         type Prototype: for<'a> Arbitrary<'a>;
    |              --------- required by a bound in this associated type

error[E0277]: the trait bound `u16: TryFromVal<soroban_sdk::Env, _>` is not satisfied
   --> src\lib.rs:37:23
    |
 37 |     pub member_count: u16, // Track count separately from Vec
    |                       ^^^ the trait `TryFromVal<soroban_sdk::Env, _>` is not implemented for `u16`
    |
    = help: the following other types implement trait `TryFromVal<E, V>`:
              `i128` implements `TryFromVal<E, soroban_sdk::Val>`
              `i128` implements `TryFromVal<soroban_sdk::Env, i128>`
              `i32` implements `TryFromVal<E, soroban_sdk::Val>`
              `i32` implements `TryFromVal<soroban_sdk::Env, i32>`
              `i64` implements `TryFromVal<E, soroban_sdk::Val>`
              `i64` implements `TryFromVal<soroban_sdk::Env, i64>`
              `u128` implements `TryFromVal<E, soroban_sdk::Val>`
              `u128` implements `TryFromVal<soroban_sdk::Env, u128>`
            and 7 others
note: required by a bound in `soroban_sdk::testutils::arbitrary::SorobanArbitrary::Prototype`
   --> 
C:\Users\dell\.cargo\registry\src\index.crates.io-1949cf8c6b5b557f\soroban-sdk-21.7.7\src\testutils\arbitrary.rs:222:9
    |
222 |         TryFromVal<Env, Self::Prototype> + IntoVal<Env, Val> + TryFromVal<Env, Val>
    |         ^^^^^^^^^^^^^^^^^^^^^^^^^^^^^^^^ required by this bound in `SorobanArbitrary::Prototype`
...
228 |         type Prototype: for<'a> Arbitrary<'a>;
    |              --------- required by a bound in this associated type

error[E0277]: the trait bound `u16: TryFromVal<soroban_sdk::Env, _>` is not satisfied
   --> src\lib.rs:38:34
    |
 38 |     pub current_recipient_index: u16, // Track by index instead of Address
    |                                  ^^^ the trait `TryFromVal<soroban_sdk::Env, _>` is not implemented for `u16`
    |
    = help: the following other types implement trait `TryFromVal<E, V>`:
              `i128` implements `TryFromVal<E, soroban_sdk::Val>`
              `i128` implements `TryFromVal<soroban_sdk::Env, i128>`
              `i32` implements `TryFromVal<E, soroban_sdk::Val>`
              `i32` implements `TryFromVal<soroban_sdk::Env, i32>`
              `i64` implements `TryFromVal<E, soroban_sdk::Val>`
              `i64` implements `TryFromVal<soroban_sdk::Env, i64>`
              `u128` implements `TryFromVal<E, soroban_sdk::Val>`
              `u128` implements `TryFromVal<soroban_sdk::Env, u128>`
            and 7 others
note: required by a bound in `soroban_sdk::testutils::arbitrary::SorobanArbitrary::Prototype`
   --> 
C:\Users\dell\.cargo\registry\src\index.crates.io-1949cf8c6b5b557f\soroban-sdk-21.7.7\src\testutils\arbitrary.rs:222:9
    |
222 |         TryFromVal<Env, Self::Prototype> + IntoVal<Env, Val> + TryFromVal<Env, Val>
    |         ^^^^^^^^^^^^^^^^^^^^^^^^^^^^^^^^ required by this bound in `SorobanArbitrary::Prototype`
...
228 |         type Prototype: for<'a> Arbitrary<'a>;
    |              --------- required by a bound in this associated type

error[E0277]: the trait bound `soroban_sdk::Val: TryFromVal<soroban_sdk::Env, u16>` is not satisfied
   --> src\lib.rs:36:22
    |
 36 |     pub max_members: u16, // Optimized from u32 to u16
    |                      ^^^ the trait `TryFromVal<soroban_sdk::Env, u16>` is not implemented for `soroban_sdk::Val`
    |
    = help: the following other types implement trait `TryFromVal<E, V>`:
              `soroban_sdk::Val` implements `TryFromVal<E, &[u8]>`
              `soroban_sdk::Val` implements `TryFromVal<E, &str>`
              `soroban_sdk::Val` implements `TryFromVal<E, ()>`
              `soroban_sdk::Val` implements `TryFromVal<E, (T0, T1)>`
              `soroban_sdk::Val` implements `TryFromVal<E, (T0, T1, T2)>`
              `soroban_sdk::Val` implements `TryFromVal<E, (T0, T1, T2, T3)>`
              `soroban_sdk::Val` implements `TryFromVal<E, (T0, T1, T2, T3, T4)>`
              `soroban_sdk::Val` implements `TryFromVal<E, (T0, T1, T2, T3, T4, T5)>`
            and 112 others
    = note: required for `soroban_sdk::Val` to implement `FromVal<soroban_sdk::Env, u16>`
    = note: required for `u16` to implement `IntoVal<soroban_sdk::Env, soroban_sdk::Val>`
note: required by a bound in `soroban_sdk::testutils::arbitrary::SorobanArbitrary::Prototype`
   --> 
C:\Users\dell\.cargo\registry\src\index.crates.io-1949cf8c6b5b557f\soroban-sdk-21.7.7\src\testutils\arbitrary.rs:222:44
    |
222 |         TryFromVal<Env, Self::Prototype> + IntoVal<Env, Val> + TryFromVal<Env, Val>
    |                                            ^^^^^^^^^^^^^^^^^ required by this bound in 
`SorobanArbitrary::Prototype`
...
228 |         type Prototype: for<'a> Arbitrary<'a>;
    |              --------- required by a bound in this associated type
    = note: the full name for the type has been written to 'C:\Users\dell\sorosusu-contracts\target\debug\deps\sorosusu
_contracts-2a06bc7395ea6068.long-type-12449681119736740548.txt'
    = note: consider using `--verbose` to print the full type name to the console

error[E0277]: the trait bound `u16: TryFromVal<soroban_sdk::Env, _>` is not satisfied
   --> src\lib.rs:30:1
    |
 30 | #[contracttype]
    | ^^^^^^^^^^^^^^^ the trait `TryFromVal<soroban_sdk::Env, _>` is not implemented for `u16`
    |
    = help: the following other types implement trait `TryFromVal<E, V>`:
              `i128` implements `TryFromVal<E, soroban_sdk::Val>`
              `i128` implements `TryFromVal<soroban_sdk::Env, i128>`
              `i32` implements `TryFromVal<E, soroban_sdk::Val>`
              `i32` implements `TryFromVal<soroban_sdk::Env, i32>`
              `i64` implements `TryFromVal<E, soroban_sdk::Val>`
              `i64` implements `TryFromVal<soroban_sdk::Env, i64>`
              `u128` implements `TryFromVal<E, soroban_sdk::Val>`
              `u128` implements `TryFromVal<soroban_sdk::Env, u128>`
            and 7 others
note: required by a bound in `SorobanArbitrary`
   --> 
C:\Users\dell\.cargo\registry\src\index.crates.io-1949cf8c6b5b557f\soroban-sdk-21.7.7\src\testutils\arbitrary.rs:222:9
    |
221 |     pub trait SorobanArbitrary:
    |               ---------------- required by a bound in this trait
222 |         TryFromVal<Env, Self::Prototype> + IntoVal<Env, Val> + TryFromVal<Env, Val>
    |         ^^^^^^^^^^^^^^^^^^^^^^^^^^^^^^^^ required by this bound in `SorobanArbitrary`

error[E0277]: the trait bound `u16: SorobanArbitrary` is not satisfied
  --> src\lib.rs:30:1
   |
30 | #[contracttype]
   | ^^^^^^^^^^^^^^^ the trait `SorobanArbitrary` is not implemented for `u16`
   |
   = help: the following other types implement trait `SorobanArbitrary`:
             i128
             i32
             i64
             u128
             u32
             u64
   = note: this error originates in the derive macro `soroban_sdk::testutils::arbitrary::arbitrary::Arbitrary` (in 
Nightly builds, run with -Z macro-backtrace for more info)

error: this function depends on never type fallback being `()`
  --> src\lib.rs:30:1
   |
30 | #[contracttype]
   | ^^^^^^^^^^^^^^^
   |
   = warning: this was previously accepted by the compiler but is being phased out; it will become a hard error in 
Rust 2024 and in a future release in all editions!
   = note: for more information, see <https://doc.rust-lang.org/edition-guide/rust-2024/never-type-fallback.html>
   = help: specify the types explicitly
note: in edition 2024, the requirement `!: Arbitrary<'_>` will fail
  --> src\lib.rs:30:1
   |
30 | #[contracttype]
   | ^^^^^^^^^^^^^^^
   = note: `#[deny(dependency_on_unit_never_type_fallback)]` (part of `#[deny(rust_2024_compatibility)]`) on by default
   = note: this error originates in the derive macro `soroban_sdk::testutils::arbitrary::arbitrary::Arbitrary` (in 
Nightly builds, run with -Z macro-backtrace for more info)

error: this function depends on never type fallback being `()`
  --> src\lib.rs:30:1
   |
30 | #[contracttype]
   | ^^^^^^^^^^^^^^^
   |
   = warning: this was previously accepted by the compiler but is being phased out; it will become a hard error in 
Rust 2024 and in a future release in all editions!
   = note: for more information, see <https://doc.rust-lang.org/edition-guide/rust-2024/never-type-fallback.html>
   = help: specify the types explicitly
note: in edition 2024, the requirement `!: Arbitrary<'_>` will fail
  --> src\lib.rs:30:1
   |
30 | #[contracttype]
   | ^^^^^^^^^^^^^^^
   = note: this error originates in the derive macro `soroban_sdk::testutils::arbitrary::arbitrary::Arbitrary` (in 
Nightly builds, run with -Z macro-backtrace for more info)

error[E0277]: the trait bound `soroban_sdk::Val: TryFromVal<soroban_sdk::Env, u16>` is not satisfied
   --> src\lib.rs:37:23
    |
 37 |     pub member_count: u16, // Track count separately from Vec
    |                       ^^^ the trait `TryFromVal<soroban_sdk::Env, u16>` is not implemented for `soroban_sdk::Val`
    |
    = help: the following other types implement trait `TryFromVal<E, V>`:
              `soroban_sdk::Val` implements `TryFromVal<E, &[u8]>`
              `soroban_sdk::Val` implements `TryFromVal<E, &str>`
              `soroban_sdk::Val` implements `TryFromVal<E, ()>`
              `soroban_sdk::Val` implements `TryFromVal<E, (T0, T1)>`
              `soroban_sdk::Val` implements `TryFromVal<E, (T0, T1, T2)>`
              `soroban_sdk::Val` implements `TryFromVal<E, (T0, T1, T2, T3)>`
              `soroban_sdk::Val` implements `TryFromVal<E, (T0, T1, T2, T3, T4)>`
              `soroban_sdk::Val` implements `TryFromVal<E, (T0, T1, T2, T3, T4, T5)>`
            and 112 others
    = note: required for `soroban_sdk::Val` to implement `FromVal<soroban_sdk::Env, u16>`
    = note: required for `u16` to implement `IntoVal<soroban_sdk::Env, soroban_sdk::Val>`
note: required by a bound in `soroban_sdk::testutils::arbitrary::SorobanArbitrary::Prototype`
   --> 
C:\Users\dell\.cargo\registry\src\index.crates.io-1949cf8c6b5b557f\soroban-sdk-21.7.7\src\testutils\arbitrary.rs:222:44
    |
222 |         TryFromVal<Env, Self::Prototype> + IntoVal<Env, Val> + TryFromVal<Env, Val>
    |                                            ^^^^^^^^^^^^^^^^^ required by this bound in 
`SorobanArbitrary::Prototype`
...
228 |         type Prototype: for<'a> Arbitrary<'a>;
    |              --------- required by a bound in this associated type
    = note: the full name for the type has been written to 'C:\Users\dell\sorosusu-contracts\target\debug\deps\sorosusu
_contracts-2a06bc7395ea6068.long-type-12449681119736740548.txt'
    = note: consider using `--verbose` to print the full type name to the console

error[E0277]: the trait bound `soroban_sdk::Val: TryFromVal<soroban_sdk::Env, u16>` is not satisfied
   --> src\lib.rs:38:34
    |
 38 |     pub current_recipient_index: u16, // Track by index instead of Address
    |                                  ^^^ the trait `TryFromVal<soroban_sdk::Env, u16>` is not implemented for 
`soroban_sdk::Val`
    |
    = help: the following other types implement trait `TryFromVal<E, V>`:
              `soroban_sdk::Val` implements `TryFromVal<E, &[u8]>`
              `soroban_sdk::Val` implements `TryFromVal<E, &str>`
              `soroban_sdk::Val` implements `TryFromVal<E, ()>`
              `soroban_sdk::Val` implements `TryFromVal<E, (T0, T1)>`
              `soroban_sdk::Val` implements `TryFromVal<E, (T0, T1, T2)>`
              `soroban_sdk::Val` implements `TryFromVal<E, (T0, T1, T2, T3)>`
              `soroban_sdk::Val` implements `TryFromVal<E, (T0, T1, T2, T3, T4)>`
              `soroban_sdk::Val` implements `TryFromVal<E, (T0, T1, T2, T3, T4, T5)>`
            and 112 others
    = note: required for `soroban_sdk::Val` to implement `FromVal<soroban_sdk::Env, u16>`
    = note: required for `u16` to implement `IntoVal<soroban_sdk::Env, soroban_sdk::Val>`
note: required by a bound in `soroban_sdk::testutils::arbitrary::SorobanArbitrary::Prototype`
   --> 
C:\Users\dell\.cargo\registry\src\index.crates.io-1949cf8c6b5b557f\soroban-sdk-21.7.7\src\testutils\arbitrary.rs:222:44
    |
222 |         TryFromVal<Env, Self::Prototype> + IntoVal<Env, Val> + TryFromVal<Env, Val>
    |                                            ^^^^^^^^^^^^^^^^^ required by this bound in 
`SorobanArbitrary::Prototype`
...
228 |         type Prototype: for<'a> Arbitrary<'a>;
    |              --------- required by a bound in this associated type
    = note: the full name for the type has been written to 'C:\Users\dell\sorosusu-contracts\target\debug\deps\sorosusu
_contracts-2a06bc7395ea6068.long-type-12449681119736740548.txt'
    = note: consider using `--verbose` to print the full type name to the console

error[E0308]: mismatched types
   --> src\lib.rs:192:13
    |
189 |         client.transfer(
    |                -------- arguments to this method are incorrect
...
192 |             &circle.contribution_amount
    |             ^^^^^^^^^^^^^^^^^^^^^^^^^^^ expected `&i128`, found `&u64`
    |
    = note: expected reference `&i128`
               found reference `&u64`
note: method defined here
   --> C:\Users\dell\.cargo\registry\src\index.crates.io-1949cf8c6b5b557f\soroban-sdk-21.7.7\src\token.rs:144:8
    |
144 |     fn transfer(env: Env, from: Address, to: Address, amount: i128);
    |        ^^^^^^^^

error[E0308]: mismatched types
   --> src\lib.rs:234:73
    |
234 |         client.transfer(&env.current_contract_address(), &pool_address, &amount);
    |                -------- arguments to this method are incorrect          ^^^^^^^ expected `&i128`, found `&u64`
    |
    = note: expected reference `&i128`
               found reference `&u64`
note: method defined here
   --> C:\Users\dell\.cargo\registry\src\index.crates.io-1949cf8c6b5b557f\soroban-sdk-21.7.7\src\token.rs:144:8
    |
144 |     fn transfer(env: Env, from: Address, to: Address, amount: i128);
    |        ^^^^^^^^

error[E0308]: mismatched types
   --> src\lib.rs:295:72
    |
295 |         source_client.transfer(&user, &env.current_contract_address(), &required_source_amount);
    |                       -------- arguments to this method are incorrect  ^^^^^^^^^^^^^^^^^^^^^^^ expected `&i128`, 
found `&u64`
    |
    = note: expected reference `&i128`
               found reference `&u64`
note: method defined here
   --> C:\Users\dell\.cargo\registry\src\index.crates.io-1949cf8c6b5b557f\soroban-sdk-21.7.7\src\token.rs:144:8
    |
144 |     fn transfer(env: Env, from: Address, to: Address, amount: i128);
    |        ^^^^^^^^

error[E0277]: the trait bound `soroban_sdk::Val: TryFromVal<soroban_sdk::Env, u16>` is not satisfied
  --> src\lib.rs:77:1
   |
77 | #[contractimpl]
   | ^^^^^^^^^^^^^^^ the trait `TryFromVal<soroban_sdk::Env, u16>` is not implemented for `soroban_sdk::Val`
   |
   = help: the following other types implement trait `TryFromVal<E, V>`:
             `soroban_sdk::Val` implements `TryFromVal<E, &[u8]>`
             `soroban_sdk::Val` implements `TryFromVal<E, &str>`
             `soroban_sdk::Val` implements `TryFromVal<E, ()>`
             `soroban_sdk::Val` implements `TryFromVal<E, (T0, T1)>`
             `soroban_sdk::Val` implements `TryFromVal<E, (T0, T1, T2)>`
             `soroban_sdk::Val` implements `TryFromVal<E, (T0, T1, T2, T3)>`
             `soroban_sdk::Val` implements `TryFromVal<E, (T0, T1, T2, T3, T4)>`
             `soroban_sdk::Val` implements `TryFromVal<E, (T0, T1, T2, T3, T4, T5)>`
           and 112 others
   = note: required for `soroban_sdk::Val` to implement `FromVal<soroban_sdk::Env, u16>`
   = note: required for `u16` to implement `IntoVal<soroban_sdk::Env, soroban_sdk::Val>`
   = note: the full name for the type has been written to 'C:\Users\dell\sorosusu-contracts\target\debug\deps\sorosusu_
contracts-2a06bc7395ea6068.long-type-12449681119736740548.txt'
   = note: consider using `--verbose` to print the full type name to the console
   = note: this error originates in the attribute macro `soroban_sdk::contractclient` (in Nightly builds, run with -Z 
macro-backtrace for more info)

error[E0277]: the trait bound `u16: TryFromValForContractFn<soroban_sdk::Env, soroban_sdk::Val>` is not satisfied
  --> src\lib.rs:77:1
   |
77 | #[contractimpl]
   | ^^^^^^^^^^^^^^^ the trait `TryFromVal<soroban_sdk::Env, soroban_sdk::Val>` is not implemented for `u16`
   |
   = help: the following other types implement trait `TryFromVal<E, V>`:
             `i128` implements `TryFromVal<E, soroban_sdk::Val>`
             `i128` implements `TryFromVal<soroban_sdk::Env, i128>`
             `i32` implements `TryFromVal<E, soroban_sdk::Val>`
             `i32` implements `TryFromVal<soroban_sdk::Env, i32>`
             `i64` implements `TryFromVal<E, soroban_sdk::Val>`
             `i64` implements `TryFromVal<soroban_sdk::Env, i64>`
             `u128` implements `TryFromVal<E, soroban_sdk::Val>`
             `u128` implements `TryFromVal<soroban_sdk::Env, u128>`
           and 7 others
   = note: required for `u16` to implement `TryFromValForContractFn<soroban_sdk::Env, soroban_sdk::Val>`
   = note: this error originates in the attribute macro `contractimpl` (in Nightly builds, run with -Z macro-backtrace 
for more info)

error[E0061]: this function takes 8 arguments but 6 arguments were supplied
   --> src\lib.rs:346:29
    |
346 |           let max_circle_id = SoroSusuTrait::create_circle(
    |  _____________________________^^^^^^^^^^^^^^^^^^^^^^^^^^^^-
347 | |             env.clone(),
348 | |             creator.clone(),
349 | |             u64::MAX,
...   |
352 | |             604800, // 1 week in seconds
353 | |         );
    | |_________- two arguments of type `bool` and `u32` are missing
    |
note: associated function defined here
   --> src\lib.rs:54:8
    |
 54 | ...fn create_circle(env: Env, creator: Address, amount: u64, max_members: u16, token: Address, cycle_duration: 
u64, yield_enabled: bool, risk_tolerance: u...
    |       ^^^^^^^^^^^^^                                                                                              
   -------------        --------------
help: provide the arguments
    |
346 ~         let max_circle_id = SoroSusuTrait::create_circle(
347 +             env.clone(),
348 +             creator.clone(),
349 +             u64::MAX,
350 +             10,
351 +             token.clone(),
352 +             604800,
353 +             /* bool */,
354 +             /* u32 */,
355 ~         );
    |

error[E0061]: this function takes 8 arguments but 6 arguments were supplied
   --> src\lib.rs:381:30
    |
381 |           let zero_circle_id = SoroSusuTrait::create_circle(
    |  ______________________________^^^^^^^^^^^^^^^^^^^^^^^^^^^^-
382 | |             env.clone(),
383 | |             creator.clone(),
384 | |             0,
...   |
387 | |             604800, // 1 week in seconds
388 | |         );
    | |_________- two arguments of type `bool` and `u32` are missing
    |
note: associated function defined here
   --> src\lib.rs:54:8
    |
 54 | ...fn create_circle(env: Env, creator: Address, amount: u64, max_members: u16, token: Address, cycle_duration: 
u64, yield_enabled: bool, risk_tolerance: u...
    |       ^^^^^^^^^^^^^                                                                                              
   -------------        --------------
help: provide the arguments
    |
381 ~         let zero_circle_id = SoroSusuTrait::create_circle(
382 +             env.clone(),
383 +             creator.clone(),
384 +             0,
385 +             10,
386 +             token.clone(),
387 +             604800,
388 +             /* bool */,
389 +             /* u32 */,
390 ~         );
    |

error[E0282]: type annotations needed
   --> src\lib.rs:451:37
    |
451 |                     let error_msg = e.downcast::<String>().unwrap();
    |                                     ^ cannot infer type

error[E0061]: this function takes 1 argument but 0 arguments were supplied
   --> src\lib.rs:531:25
    |
531 |         let mut users = Vec::new();
    |                         ^^^^^^^^-- argument #1 of type `&soroban_sdk::Env` is missing
    |
note: associated function defined here
   --> C:\Users\dell\.cargo\registry\src\index.crates.io-1949cf8c6b5b557f\soroban-sdk-21.7.7\src\vec.rs:353:12
    |
353 |     pub fn new(env: &Env) -> Vec<T> {
    |            ^^^
help: provide the argument
    |
531 |         let mut users = Vec::new(/* &soroban_sdk::Env */);
    |                                  +++++++++++++++++++++++

error[E0599]: no method named `push` found for struct `soroban_sdk::Vec<T>` in the current scope
   --> src\lib.rs:535:19
    |
535 |             users.push(user);
    |                   ^^^^ method not found in `soroban_sdk::Vec<_>`

error[E0282]: type annotations needed for `soroban_sdk::Vec<_>`
   --> src\lib.rs:531:13
    |
531 |         let mut users = Vec::new();
    |             ^^^^^^^^^
...
543 |                 SoroSusuTrait::deposit(env.clone(), user.clone(), circle_id);
    |                                                     ---- type must be known at this point
    |
help: consider giving `users` an explicit type, where the placeholders `_` are specified
    |
531 |         let mut users: soroban_sdk::Vec<T> = Vec::new();
    |                      +++++++++++++++++++++

error[E0599]: no method named `set_timestamp` found for struct `soroban_sdk::ledger::Ledger` in the current scope
   --> src\lib.rs:586:22
    |
586 |         env.ledger().set_timestamp(env.ledger().timestamp() + 2 * 604800);
    |                      ^^^^^^^^^^^^^
    |
   ::: C:\Users\dell\.cargo\registry\src\index.crates.io-1949cf8c6b5b557f\soroban-sdk-21.7.7\src\testutils.rs:231:8
    |
231 |     fn set_timestamp(&self, timestamp: u64);
    |        ------------- the method is available for `soroban_sdk::ledger::Ledger` here
    |
    = help: items from traits can only be used if the trait is in scope
help: there is a method `timestamp` with a similar name, but with different arguments
   --> C:\Users\dell\.cargo\registry\src\index.crates.io-1949cf8c6b5b557f\soroban-sdk-21.7.7\src\ledger.rs:87:5
    |
 87 |     pub fn timestamp(&self) -> u64 {
    |     ^^^^^^^^^^^^^^^^^^^^^^^^^^^^^^
help: trait `Ledger` which provides `set_timestamp` is implemented but not in scope; perhaps you want to import it
    |
324 +     use soroban_sdk::testutils::Ledger;
    |

warning: unused variable: `pool_address`
   --> src\lib.rs:242:79
    |
242 |     fn withdraw_from_yield(env: Env, circle_id: u64, amount_to_withdraw: u64, pool_address: Address) {
    |                                                                               ^^^^^^^^^^^^ help: if this is 
intentional, prefix it with an underscore: `_pool_address`
    |
    = note: `#[warn(unused_variables)]` (part of `#[warn(unused)]`) on by default

warning: unused variable: `circle`
   --> src\lib.rs:243:13
    |
243 |         let circle: CircleInfo = env.storage().instance().get(&DataKey::Circle(circle_id)).unwrap();
    |             ^^^^^^ help: if this is intentional, prefix it with an underscore: `_circle`

Some errors have detailed explanations: E0061, E0277, E0282, E0308, E0425, E0432, E0433, E0599.
For more information about an error, try `rustc --explain E0061`.
warning: `sorosusu-contracts` (lib test) generated 3 warnings
error: could not compile `sorosusu-contracts` (lib test) due to 63 previous errors; 3 warnings emitted
